// Jest Snapshot v1, https://goo.gl/fbAQLP

exports[`matches snapshot 1`] = `
<nav
  className="container flex py-3 p-20 justify-between rounded dark:bg-gray-800"
  data-testid="navbar"
>
  <div
    className=""
  >
    <h3
      className="text-4xl font-medium text-blue_purple"
    >
      MOODIFY
    </h3>
  </div>
  <div
    className="space-x-3"
  >
    <a
      className="text-lg font-semibold whitespace-nowrap text-white"
    >
      <div>
        <button
          className="h-10 px-5 text-red-100 transition-colors duration-150 bg-red-700 rounded-lg focus:shadow-outline hover:bg-red-800"
        >
          Logout
        </button>
      </div>
    </a>
  </div>
</nav>
`;
